apiVersion: networking.istio.io/v1alpha3
kind: ServiceEntry
metadata:
  creationTimestamp: null
  name: wikipedia-range1
  namespace: default
spec:
  addresses:
  - 91.198.174.192/27
  hosts:
  - wikipedia-range1
  ports:
  - name: tcp-443
    number: 443
    protocol: tcp
---
apiVersion: networking.istio.io/v1alpha3
kind: ServiceEntry
metadata:
  creationTimestamp: null
  name: wikipedia-range2
  namespace: default
spec:
  addresses:
  - 103.102.166.224/27
  hosts:
  - wikipedia-range2
  ports:
  - name: tcp-443
    number: 443
    protocol: tcp
---
apiVersion: networking.istio.io/v1alpha3
kind: ServiceEntry
metadata:
  creationTimestamp: null
  name: wikipedia-range3
  namespace: default
spec:
  addresses:
  - 198.35.26.96/27
  hosts:
  - wikipedia-range3
  ports:
  - name: tcp-443
    number: 443
    protocol: tcp
---
apiVersion: networking.istio.io/v1alpha3
kind: ServiceEntry
metadata:
  creationTimestamp: null
  name: wikipedia-range4
  namespace: default
spec:
  addresses:
  - 208.80.153.224/27
  hosts:
  - wikipedia-range4
  ports:
  - name: tcp-443
    number: 443
    protocol: tcp
---
apiVersion: networking.istio.io/v1alpha3
kind: ServiceEntry
metadata:
  creationTimestamp: null
  name: wikipedia-range5
  namespace: default
spec:
  addresses:
  - 208.80.154.224/27
  hosts:
  - wikipedia-range5
  ports:
  - name: tcp-443
    number: 443
    protocol: tcp
